// Jest Snapshot v1, https://goo.gl/fbAQLP

exports[`Renders <Flexbox /> component with layout helpers (height, width, margin, padding, etc) 1`] = `
".cmOkcp {
  display:-webkit-box;
  display:-moz-box;
  display:-ms-flexbox;
  display:-webkit-flex;
  display:flex;
}
.jwcsUI {
  align-items:center;
  -webkit-box-align:center;
  -ms-flex-align:center;
  -webkit-align-items:center;
  display:-webkit-box;
  display:-moz-box;
  display:-ms-flexbox;
  display:-webkit-flex;
  display:flex;
  flex-direction:column;
  -webkit-box-direction:normal;
  -webkit-box-orient:vertical;
  -ms-flex-direction:column;
  -webkit-flex-direction:column;
  flex-grow:1;
  -ms-flex-positive:1;
  -webkit-flex-grow:1;
  flex-wrap:wrap;
  -webkit-box-lines:multiple;
  -ms-flex-wrap:wrap;
  -webkit-flex-wrap:wrap;
  justify-content:center;
  -webkit-box-pack:center;
  -ms-flex-pack:center;
  -webkit-justify-content:center;
}
.YQCAm {
  display:-webkit-box;
  display:-moz-box;
  display:-ms-flexbox;
  display:-webkit-flex;
  display:flex;
  height:100%;
  margin:66px33px;
  margin-right:25px;
  max-width:100vw;
  min-height:100vh;
  padding:99px;
  padding-left:50px;
  width:100px;
}
"
`;

exports[`Renders <Flexbox /> component with layout helpers (height, width, margin, padding, etc) 2`] = `
<div
  className="YQCAm"
/>
`;

exports[`Renders <Flexbox /> component with several flexbox props 1`] = `
".cmOkcp {
  display:-webkit-box;
  display:-moz-box;
  display:-ms-flexbox;
  display:-webkit-flex;
  display:flex;
}
.jwcsUI {
  align-items:center;
  -webkit-box-align:center;
  -ms-flex-align:center;
  -webkit-align-items:center;
  display:-webkit-box;
  display:-moz-box;
  display:-ms-flexbox;
  display:-webkit-flex;
  display:flex;
  flex-direction:column;
  -webkit-box-direction:normal;
  -webkit-box-orient:vertical;
  -ms-flex-direction:column;
  -webkit-flex-direction:column;
  flex-grow:1;
  -ms-flex-positive:1;
  -webkit-flex-grow:1;
  flex-wrap:wrap;
  -webkit-box-lines:multiple;
  -ms-flex-wrap:wrap;
  -webkit-flex-wrap:wrap;
  justify-content:center;
  -webkit-box-pack:center;
  -ms-flex-pack:center;
  -webkit-justify-content:center;
}
"
`;

exports[`Renders <Flexbox /> component with several flexbox props 2`] = `
<div
  className="jwcsUI"
/>
`;

exports[`Renders <Flexbox /> with extra props, outside expected/defined ones (like event handlers or className) 1`] = `
".cmOkcp {
  display:-webkit-box;
  display:-moz-box;
  display:-ms-flexbox;
  display:-webkit-flex;
  display:flex;
}
.jwcsUI {
  align-items:center;
  -webkit-box-align:center;
  -ms-flex-align:center;
  -webkit-align-items:center;
  display:-webkit-box;
  display:-moz-box;
  display:-ms-flexbox;
  display:-webkit-flex;
  display:flex;
  flex-direction:column;
  -webkit-box-direction:normal;
  -webkit-box-orient:vertical;
  -ms-flex-direction:column;
  -webkit-flex-direction:column;
  flex-grow:1;
  -ms-flex-positive:1;
  -webkit-flex-grow:1;
  flex-wrap:wrap;
  -webkit-box-lines:multiple;
  -ms-flex-wrap:wrap;
  -webkit-flex-wrap:wrap;
  justify-content:center;
  -webkit-box-pack:center;
  -ms-flex-pack:center;
  -webkit-justify-content:center;
}
.YQCAm {
  display:-webkit-box;
  display:-moz-box;
  display:-ms-flexbox;
  display:-webkit-flex;
  display:flex;
  height:100%;
  margin:66px33px;
  margin-right:25px;
  max-width:100vw;
  min-height:100vh;
  padding:99px;
  padding-left:50px;
  width:100px;
}
"
`;

exports[`Renders <Flexbox /> with extra props, outside expected/defined ones (like event handlers or className) 2`] = `
<div
  className="test-class cmOkcp"
  id="test-id"
  onClick={[Function]}
/>
`;

exports[`Renders <Flexbox /> with inline styles that can overwrite flexbox-react related props too 1`] = `
".cmOkcp {
  display:-webkit-box;
  display:-moz-box;
  display:-ms-flexbox;
  display:-webkit-flex;
  display:flex;
}
.jwcsUI {
  align-items:center;
  -webkit-box-align:center;
  -ms-flex-align:center;
  -webkit-align-items:center;
  display:-webkit-box;
  display:-moz-box;
  display:-ms-flexbox;
  display:-webkit-flex;
  display:flex;
  flex-direction:column;
  -webkit-box-direction:normal;
  -webkit-box-orient:vertical;
  -ms-flex-direction:column;
  -webkit-flex-direction:column;
  flex-grow:1;
  -ms-flex-positive:1;
  -webkit-flex-grow:1;
  flex-wrap:wrap;
  -webkit-box-lines:multiple;
  -ms-flex-wrap:wrap;
  -webkit-flex-wrap:wrap;
  justify-content:center;
  -webkit-box-pack:center;
  -ms-flex-pack:center;
  -webkit-justify-content:center;
}
.YQCAm {
  display:-webkit-box;
  display:-moz-box;
  display:-ms-flexbox;
  display:-webkit-flex;
  display:flex;
  height:100%;
  margin:66px33px;
  margin-right:25px;
  max-width:100vw;
  min-height:100vh;
  padding:99px;
  padding-left:50px;
  width:100px;
}
"
`;

exports[`Renders <Flexbox /> with inline styles that can overwrite flexbox-react related props too 2`] = `
<div
  className="cmOkcp"
  style={
    Object {
      "backgroundColor": "red",
      "display": "block",
    }
  }
/>
`;

exports[`Renders custom element (header) <Flexbox /> component 1`] = `
".cmOkcp {
  display:-webkit-box;
  display:-moz-box;
  display:-ms-flexbox;
  display:-webkit-flex;
  display:flex;
}
"
`;

exports[`Renders custom element (header) <Flexbox /> component 2`] = `
<header
  className="cmOkcp"
/>
`;

exports[`Renders minimal <Flexbox /> component 1`] = `
".cmOkcp {
  display:-webkit-box;
  display:-moz-box;
  display:-ms-flexbox;
  display:-webkit-flex;
  display:flex;
}
"
`;

exports[`Renders minimal <Flexbox /> component 2`] = `
<div
  className="cmOkcp"
/>
`;
